./compilation/exp/path_names.html
./coupler/flux_exchange.tech.ps
./coupler/coupler_main.html
./coupler/flux_exchange.html
./coupler/surface_flux.html
./atmos_param/cloud_rad/cloud_rad.html
./atmos_param/lscale_cond/lscale_cond.html
./atmos_param/strat_cloud/strat_cloud.tech.ps
./atmos_param/strat_cloud/strat_cloud.html
./atmos_param/ras/ras.html
./atmos_param/vert_diff/vert_diff.tech.ps
./atmos_param/vert_diff/vert_diff.html
./atmos_param/stable_bl_turb/stable_bl_turb.html
./atmos_param/moist_conv/moist_conv.html
./atmos_param/vert_turb_driver/vert_turb_driver.html
./atmos_param/mg_drag/mg_drag.html
./atmos_param/dry_adj/dry_adj.html
./atmos_param/dry_adj/README
./atmos_param/shallow_conv/shallow_conv.html
./atmos_param/astronomy/astronomy.html
./atmos_param/astronomy/astronomy.tech.ps
./atmos_param/vert_diff_driver/vert_diff_driver.html
./atmos_param/entrain/entrain.html
./atmos_param/diag_integral/diag_integral.html
./atmos_param/diffusivity/diffusivity.tech.ps
./atmos_param/diffusivity/diffusivity.html
./atmos_param/my25_turb/my25_turb.html
./atmos_param/radiation_driver/radiation_driver.html
./atmos_param/damping_driver/damping_driver.html
./atmos_param/sea_esf_rad/original_fms_rad.html
./atmos_param/sea_esf_rad/longwave_driver.html
./atmos_param/sea_esf_rad/longwave_params.html
./atmos_param/sea_esf_rad/donner_deep_clouds_W.html
./atmos_param/sea_esf_rad/longwave_clouds.html
./atmos_param/sea_esf_rad/isccp_clouds.html
./atmos_param/sea_esf_rad/cloudrad_diagnostics.html
./atmos_param/sea_esf_rad/diag_clouds_W.html
./atmos_param/sea_esf_rad/longwave_tables.html
./atmos_param/sea_esf_rad/sealw99.html
./atmos_param/sea_esf_rad/lw_gases_stdtf.html
./atmos_param/sea_esf_rad/longwave_fluxes.html
./atmos_param/sea_esf_rad/optical_path.html
./atmos_param/sea_esf_rad/zetac_clouds_W.html
./atmos_param/sea_esf_rad/standalone_clouds.html
./atmos_param/sea_esf_rad/lhsw_driver.html
./atmos_param/sea_esf_rad/strat_clouds_W.html
./atmos_param/sea_esf_rad/gas_tf.html
./atmos_param/sea_esf_rad/mgrp_prscr_clds.html
./atmos_param/sea_esf_rad/specified_clouds_W.html
./atmos_param/sea_esf_rad/radiation_diag.html
./atmos_param/sea_esf_rad/esfsw_parameters.html
./atmos_param/sea_esf_rad/bulkphys_rad.html
./atmos_param/sea_esf_rad/esfsw_driver.html
./atmos_param/sea_esf_rad/cloud_spec.html
./atmos_param/sea_esf_rad/microphys_cloud.html
./atmos_param/sea_esf_rad/microphys_rad.html
./atmos_param/sea_esf_rad/shortwave_driver.html
./atmos_param/sea_esf_rad/ozone.html
./atmos_param/sea_esf_rad/cloudrad_package.html
./atmos_param/sea_esf_rad/radiative_gases.html
./atmos_param/sea_esf_rad/aerosolrad_package.html
./atmos_param/sea_esf_rad/rh_based_clouds.html
./atmos_param/sea_esf_rad/rad_output_file.html
./atmos_param/sea_esf_rad/SEA_ESF_RAD.tech.ps
./atmos_param/sea_esf_rad/rad_utilities.html
./atmos_param/sea_esf_rad/sea_esf_rad.html
./atmos_param/sea_esf_rad/aerosol.html
./atmos_param/physics_driver/physics_driver.html
./atmos_param/physics_driver/Radiation_overview.tech.ps
./atmos_param/moist_processes/moist_processes.html
./atmos_param/monin_obukhov/monin_obukhov.tech.ps
./atmos_param/monin_obukhov/monin_obukhov.html
./atmos_param/cu_mo_trans/cu_mo_trans.html
./shared/topography/gaussian_topog.html
./shared/topography/topography.html
./shared/time_interp/time_interp_external.html
./shared/time_interp/time_interp.html
./shared/platform/platform.html
./shared/field_manager/field_manager.html
./shared/mpp/mpp_io.html
./shared/mpp/mpp_domains.html
./shared/mpp/mpp.html
./shared/time_manager/get_cal_time.html
./shared/time_manager/time_manager.html
./shared/diag_manager/diag_table_tk.html
./shared/diag_manager/diag_manager.html
./shared/diag_manager/diag_output.html
./shared/diag_manager/diag_axis.html
./shared/fms/fms.html
./shared/fms/fms_io.html
./shared/tracer_manager/tracer_manager.html
./shared/sat_vapor_pres/sat_vapor_pres.html
./shared/fft/fft.html
./shared/horiz_interp/horiz_interp_bilinear.html
./shared/horiz_interp/horiz_interp_type.html
./shared/horiz_interp/horiz_interp_conserve.html
./shared/horiz_interp/horiz_interp_spherical.html
./shared/horiz_interp/horiz_interp.html
./shared/tridiagonal/tridiagonal.html
./atmos_coupled/atmos_model.html
./atmos_spectral/tools/transforms.html
./atmos_spectral/model/fv_advection.html
./atmos_spectral/model/press_and_geopot.html
./atmos_spectral/model/spectral_dynamics.html
./atmos_spectral/driver/coupled/mcm.html
./atmos_spectral/driver/coupled/atmosphere.html
./atmos_spectral/driver/solo/atmosphere.html
./atmos_spectral/init/topog_regularization.html
./atmos_spectral/documentation/spectral_core.pdf
./atmos_shared/vert_advection/vert_advection.html
./atmos_shared/tracer_driver/atmos_carbon_aerosol.html
./atmos_shared/tracer_driver/atmos_convection_tracer.html
./atmos_shared/tracer_driver/atmos_tracer_utilities.html
./atmos_shared/tracer_driver/atmos_sulfur_hex.html
./atmos_shared/tracer_driver/atmos_tracer_driver.html
./atmos_shared/tracer_driver/atmos_radon.html
